warning: fields `life` and `hungry` are never read
  --> src/inventory.rs:84:5
   |
81 | struct PetDefinition {
   |        ------------- fields in this struct
...
84 |     life: Option<u32>,
   |     ^^^^
85 |     #[serde(default)]
86 |     hungry: Option<u32>,
   |     ^^^^^^
   |
   = note: `PetDefinition` has derived impls for the traits `Debug` and `Clone`, but these are intentionally ignored during dead code analysis
   = note: `#[warn(dead_code)]` (part of `#[warn(unused)]`) on by default


> maplestory-client@0.11.0 build
> tsc --noEmit && vite build

vite v7.3.6 building client environment for production...
transforming...
✓ 82 modules transformed.
rendering chunks...
computing gzip size...
../build/tmp/client/index.html                     0.40 kB │ gzip:   0.31 kB
../build/tmp/client/assets/index-D11KQHRn.css    128.33 kB │ gzip:  23.87 kB
../build/tmp/client/assets/index-lGPLWfk4.js   1,995.93 kB │ gzip: 536.29 kB

(!) Some chunks are larger than 1600 kB after minification. Consider:
- Using dynamic import() to code-split the application
- Use build.rollupOptions.output.manualChunks to improve chunking: https://rollupjs.org/configuration-options/#output-manualchunks
- Adjust chunk size limit for this warning via build.chunkSizeWarningLimit.
✓ built in 9.60s
{"schemaVersion":1,"releaseId":"20260913094539-37c612d9","platform":"darwin-arm64","protocolVersion":17,"contentVersion":"tms273-15","createdAt":"2026-09-13T09:45:39.521Z","clientPath":"client","serverPath":"server/maplestory-server"}
