   Compiling libc v0.2.189
   Compiling cfg-if v1.0.4
   Compiling proc-macro2 v1.0.107
   Compiling quote v1.0.47
   Compiling unicode-ident v1.0.24
   Compiling bytes v1.12.1
   Compiling itoa v1.0.18
   Compiling version_check v0.9.5
   Compiling pin-project-lite v0.2.17
   Compiling smallvec v1.16.0
   Compiling parking_lot_core v0.9.12
   Compiling futures-core v0.3.34
   Compiling scopeguard v1.2.0
   Compiling typenum v1.20.1
   Compiling zerocopy v0.8.56
   Compiling lock_api v0.4.14
   Compiling subtle v2.6.1
   Compiling getrandom v0.3.4
   Compiling serde_core v1.0.229
   Compiling generic-array v0.14.7
   Compiling httparse v1.10.1
   Compiling http v1.5.0
   Compiling futures-sink v0.3.34
   Compiling log v0.4.34
   Compiling slab v0.4.12
   Compiling tower-service v0.3.3
   Compiling http-body v1.1.0
   Compiling once_cell v1.21.4
   Compiling thiserror v2.0.20
   Compiling shlex v2.0.1
   Compiling find-msvc-tools v0.1.12
   Compiling futures-task v0.3.34
   Compiling futures-util v0.3.34
   Compiling cc v1.4.5
   Compiling crypto-common v0.1.7
   Compiling block-buffer v0.10.4
   Compiling tracing-core v0.1.36
   Compiling tower-layer v0.3.3
   Compiling digest v0.10.7
   Compiling vcpkg v0.2.15
   Compiling zmij v1.0.23
   Compiling httpdate v1.0.3
   Compiling mime v0.3.17
   Compiling unicase v2.9.0
   Compiling percent-encoding v2.3.2
   Compiling pkg-config v0.3.34
   Compiling errno v0.3.14
   Compiling mio v1.2.3
   Compiling signal-hook-registry v1.4.8
   Compiling syn v3.0.5
   Compiling parking_lot v0.12.5
   Compiling socket2 v0.6.5
   Compiling getrandom v0.2.17
   Compiling rand_core v0.9.5
   Compiling rand_core v0.6.4
   Compiling cpufeatures v0.2.17
   Compiling serde v1.0.229
   Compiling sha1 v0.10.7
   Compiling libsqlite3-sys v0.35.0
   Compiling mime_guess v2.0.5
   Compiling tracing v0.1.44
   Compiling http-body-util v0.1.5
   Compiling futures-channel v0.3.34
   Compiling sync_wrapper v1.0.2
   Compiling serde_json v1.0.151
   Compiling foldhash v0.1.5
   Compiling data-encoding v2.11.1
   Compiling atomic-waker v1.1.2
   Compiling hashbrown v0.15.5
   Compiling form_urlencoded v1.2.2
   Compiling memchr v2.8.3
   Compiling base64ct v1.8.3
   Compiling bitflags v2.13.1
   Compiling ryu v1.0.23
   Compiling axum-core v0.5.6
   Compiling password-hash v0.5.0
   Compiling blake2 v0.10.6
   Compiling hashlink v0.10.0
   Compiling fallible-iterator v0.3.0
   Compiling fallible-streaming-iterator v0.1.9
   Compiling serde_path_to_error v0.1.20
   Compiling base64 v0.22.1
   Compiling matchit v0.8.4
   Compiling http-range-header v0.4.2
   Compiling argon2 v0.5.3
   Compiling tokio-macros v2.7.2
   Compiling thiserror-impl v2.0.20
   Compiling serde_derive v1.0.229
   Compiling ppv-lite86 v0.2.21
   Compiling rand_chacha v0.9.0
   Compiling rand_chacha v0.3.1
   Compiling rand v0.8.8
   Compiling tokio v1.53.1
   Compiling rand v0.9.5
   Compiling tungstenite v0.29.0
   Compiling rusqlite v0.37.0
   Compiling serde_urlencoded v0.7.1
   Compiling hyper v1.11.1
   Compiling tower v0.5.3
   Compiling tokio-util v0.7.19
   Compiling tokio-tungstenite v0.29.0
   Compiling tower-http v0.6.11
   Compiling hyper-util v0.1.20
   Compiling axum v0.8.9
   Compiling maplestory-server v0.1.0 (/Users/muniao/Library/Mobile Documents/com~apple~CloudDocs/游戏/github/MapleStory/server)
    Finished `dev` profile [unoptimized + debuginfo] target(s) in 19.77s

> maplestory-client@0.11.0 build
> tsc --noEmit && vite build

vite v7.3.6 building client environment for production...
transforming...
✓ 78 modules transformed.
rendering chunks...
computing gzip size...
../build/tmp/client/index.html                     0.40 kB │ gzip:   0.31 kB
../build/tmp/client/assets/index-CErOPgGU.css    121.88 kB │ gzip:  22.49 kB
../build/tmp/client/assets/index-CfKNDZzu.js   1,884.76 kB │ gzip: 518.43 kB

(!) Some chunks are larger than 1600 kB after minification. Consider:
- Using dynamic import() to code-split the application
- Use build.rollupOptions.output.manualChunks to improve chunking: https://rollupjs.org/configuration-options/#output-manualchunks
- Adjust chunk size limit for this warning via build.chunkSizeWarningLimit.
✓ built in 6.58s
{"schemaVersion":1,"releaseId":"20260912154028-5fa265d4","platform":"darwin-arm64","protocolVersion":14,"contentVersion":"tms273-10","createdAt":"2026-09-12T15:40:28.032Z","clientPath":"client","serverPath":"server/maplestory-server"}
