  · 2000/117129 已处理，新增 0 个对象
  · 4000/117129 已处理，新增 0 个对象
  · 6000/117129 已处理，新增 0 个对象
  · 8000/117129 已处理，新增 0 个对象
  · 10000/117129 已处理，新增 0 个对象
  · 12000/117129 已处理，新增 0 个对象
  · 14000/117129 已处理，新增 0 个对象
  · 16000/117129 已处理，新增 0 个对象
  · 18000/117129 已处理，新增 0 个对象
  · 20000/117129 已处理，新增 0 个对象
  · 22000/117129 已处理，新增 0 个对象
  · 24000/117129 已处理，新增 0 个对象
  · 26000/117129 已处理，新增 0 个对象
  · 28000/117129 已处理，新增 0 个对象
  · 30000/117129 已处理，新增 0 个对象
  · 32000/117129 已处理，新增 0 个对象
  · 34000/117129 已处理，新增 0 个对象
  · 36000/117129 已处理，新增 0 个对象
  · 38000/117129 已处理，新增 0 个对象
  · 40000/117129 已处理，新增 0 个对象
  · 42000/117129 已处理，新增 0 个对象
  · 44000/117129 已处理，新增 0 个对象
  · 46000/117129 已处理，新增 0 个对象
  · 48000/117129 已处理，新增 0 个对象
  · 50000/117129 已处理，新增 0 个对象
  · 52000/117129 已处理，新增 0 个对象
  · 54000/117129 已处理，新增 0 个对象
  · 56000/117129 已处理，新增 0 个对象
  · 58000/117129 已处理，新增 0 个对象
  · 60000/117129 已处理，新增 0 个对象
  · 62000/117129 已处理，新增 0 个对象
  · 64000/117129 已处理，新增 0 个对象
  · 66000/117129 已处理，新增 0 个对象
  · 68000/117129 已处理，新增 0 个对象
  · 70000/117129 已处理，新增 0 个对象
  · 72000/117129 已处理，新增 0 个对象
  · 74000/117129 已处理，新增 0 个对象
  · 76000/117129 已处理，新增 0 个对象
  · 78000/117129 已处理，新增 0 个对象
  · 80000/117129 已处理，新增 0 个对象
  · 82000/117129 已处理，新增 0 个对象
  · 84000/117129 已处理，新增 0 个对象
  · 86000/117129 已处理，新增 0 个对象
  · 88000/117129 已处理，新增 0 个对象
  · 90000/117129 已处理，新增 0 个对象
  · 92000/117129 已处理，新增 0 个对象
  · 94000/117129 已处理，新增 0 个对象
  · 96000/117129 已处理，新增 0 个对象
  · 98000/117129 已处理，新增 0 个对象
  · 100000/117129 已处理，新增 0 个对象
  · 102000/117129 已处理，新增 0 个对象
  · 104000/117129 已处理，新增 0 个对象
  · 106000/117129 已处理，新增 0 个对象
  · 108000/117129 已处理，新增 0 个对象
  · 110000/117129 已处理，新增 0 个对象
  · 112000/117129 已处理，新增 0 个对象
  · 114000/117129 已处理，新增 0 个对象
  · 116000/117129 已处理，新增 0 个对象
资源引用闭包: 121177（内容 JSON 4057 个 → 对象 117129 / 清单类保持固定名 4041）
对象: 新增 0、复用 114322；逻辑 1399.2MB → 去重后 1390.6MB
预压缩(br+gz): 56 个 ≥256KB 的内容 JSON + 1 个对象索引；新增 104、复用 8、清理 0；131.7MB → 18.76MB
  其中对象索引: 20.2MB → 10.76MB
缺文件: 7（/assets/tms273/chapter/Character_Cap__Canvas_01003134.img_info_iconRaw-cc73742956.png, /assets/tms273/chapter/Item_Etc__Canvas_0400.img_04001728_info_iconRaw-c5520e9f26.png, /assets/tms273/chapter/Item_Etc__Canvas_0403.img_04033886_info_iconRaw-2daca9e17e.png …）
未实体化(iCloud 占位) 资源: 0 ｜ 内容 JSON: 0
assetRevision: 124363740655e129bc91de3c0eb5bef30933d745055c5428a032a49a4ff2d98d
耗时 25.6s
