warning: type `world::Player` is more private than the item `world::transform_done`
    --> src/world.rs:715:1
     |
 715 | pub(super) fn transform_done(player: &Player) -> bool {
     | ^^^^^^^^^^^^^^^^^^^^^^^^^^^^^^^^^^^^^^^^^^^^^^^^^^^^^ function `world::transform_done` is reachable at visibility `pub(crate)`
     |
note: but type `world::Player` is only usable at visibility `pub(self)`
    --> src/world.rs:2390:1
     |
2390 | struct Player {
     | ^^^^^^^^^^^^^
     = note: `#[warn(private_interfaces)]` on by default

warning: type `world::Player` is more private than the item `world::transform_grants`
    --> src/world.rs:726:1
     |
 726 | pub(super) fn transform_grants(player: &Player, skill_id: u32) -> bool {
     | ^^^^^^^^^^^^^^^^^^^^^^^^^^^^^^^^^^^^^^^^^^^^^^^^^^^^^^^^^^^^^^^^^^^^^^ function `world::transform_grants` is reachable at visibility `pub(crate)`
     |
note: but type `world::Player` is only usable at visibility `pub(self)`
    --> src/world.rs:2390:1
     |
2390 | struct Player {
     | ^^^^^^^^^^^^^

warning: type `world::Player` is more private than the item `world::set_toggle_field`
    --> src/world.rs:830:1
     |
 830 | pub(super) fn set_toggle_field(player: &mut Player, skill_id: u32, on: bool, now: u64) {
     | ^^^^^^^^^^^^^^^^^^^^^^^^^^^^^^^^^^^^^^^^^^^^^^^^^^^^^^^^^^^^^^^^^^^^^^^^^^^^^^^^^^^^^^ function `world::set_toggle_field` is reachable at visibility `pub(crate)`
     |
note: but type `world::Player` is only usable at visibility `pub(self)`
    --> src/world.rs:2390:1
     |
2390 | struct Player {
     | ^^^^^^^^^^^^^

warning: type `world::Player` is more private than the item `world::toggle_field_enabled`
    --> src/world.rs:845:1
     |
 845 | pub(super) fn toggle_field_enabled(player: &Player, skill_id: u32) -> bool {
     | ^^^^^^^^^^^^^^^^^^^^^^^^^^^^^^^^^^^^^^^^^^^^^^^^^^^^^^^^^^^^^^^^^^^^^^^^^^ function `world::toggle_field_enabled` is reachable at visibility `pub(crate)`
     |
note: but type `world::Player` is only usable at visibility `pub(self)`
    --> src/world.rs:2390:1
     |
2390 | struct Player {
     | ^^^^^^^^^^^^^

warning: field `item_id` is never read
   --> src/auth/notebook.rs:128:5
    |
127 | struct CatalogEntry {
    |        ------------ field in this struct
128 |     item_id: String,
    |     ^^^^^^^
    |
    = note: `CatalogEntry` has a derived impl for the trait `Debug`, but this is intentionally ignored during dead code analysis
    = note: `#[warn(dead_code)]` (part of `#[warn(unused)]`) on by default

warning: field `inventory_type` is never read
   --> src/inventory.rs:125:5
    |
124 | struct MountItemDefinition {
    |        ------------------- field in this struct
125 |     inventory_type: u8,
    |     ^^^^^^^^^^^^^^
    |
    = note: `MountItemDefinition` has derived impls for the traits `Debug` and `Clone`, but these are intentionally ignored during dead code analysis

warning: field `inventory_type` is never read
   --> src/inventory.rs:159:5
    |
158 | struct ChairItemDefinition {
    |        ------------------- field in this struct
159 |     inventory_type: u8,
    |     ^^^^^^^^^^^^^^
    |
    = note: `ChairItemDefinition` has derived impls for the traits `Debug` and `Clone`, but these are intentionally ignored during dead code analysis

warning: field `book_id` is never read
  --> src/mage.rs:14:9
   |
10 | pub struct MageSkills {
   |            ---------- field in this struct
...
14 |     pub book_id: u32,
   |         ^^^^^^^
   |
   = note: `MageSkills` has a derived impl for the trait `Clone`, but this is intentionally ignored during dead code analysis

warning: function `is_fourth_job_book` is never used
   --> src/mage.rs:271:8
    |
271 | pub fn is_fourth_job_book(book: u32) -> bool {
    |        ^^^^^^^^^^^^^^^^^^

warning: constant `DEMON_SUMMON_SKILLS` is never used
   --> src/world.rs:435:7
    |
435 | const DEMON_SUMMON_SKILLS: [u32; 2] = [SKILL_ICE_DEMON, SKILL_FIRE_DEMON];
    |       ^^^^^^^^^^^^^^^^^^^

warning: methods `by_id` and `active_quest` are never used
   --> src/job_advance.rs:417:19
    |
285 | impl JobAdvanceCatalog {
    | ---------------------- methods in this implementation
...
417 |     pub(super) fn by_id(&self, quest_id: &str) -> Option<&JobAdvanceQuest> {
    |                   ^^^^^
...
423 |     pub(super) fn active_quest<'a>(
    |                   ^^^^^^^^^^^^


> maplestory-client@0.11.0 build
> tsc --noEmit && vite build

vite v7.3.6 building client environment for production...
transforming...
✓ 140 modules transformed.
rendering chunks...
computing gzip size...
../build/tmp/client/index.html                         0.40 kB │ gzip:   0.31 kB
../build/tmp/client/assets/view-CvsJ-jA3.css           0.26 kB │ gzip:   0.19 kB
../build/tmp/client/assets/index-C5agVNWO.css        177.81 kB │ gzip:  33.22 kB
../build/tmp/client/assets/view-C_39v-tD.js           21.86 kB │ gzip:   8.24 kB
../build/tmp/client/assets/scene-CNKNQY4W.js          52.22 kB │ gzip:  18.82 kB
../build/tmp/client/assets/GLTFLoader-CEEonxqc.js    632.83 kB │ gzip: 160.12 kB
../build/tmp/client/assets/index-NUPseWg4.js       3,548.45 kB │ gzip: 785.14 kB
✓ built in 3.51s

(!) Some chunks are larger than 1600 kB after minification. Consider:
- Using dynamic import() to code-split the application
- Use build.rollupOptions.output.manualChunks to improve chunking: https://rollupjs.org/configuration-options/#output-manualchunks
- Adjust chunk size limit for this warning via build.chunkSizeWarningLimit.
[prepare] build | cargo 0.3s · 客户端(tsc+vite) 6.2s · 清理与校验 0.0s · 合计 6.5s
{"schemaVersion":1,"releaseId":"20260930034258-72def072","platform":"darwin-arm64","protocolVersion":36,"contentVersion":"tms273-49","createdAt":"2026-09-30T03:42:58.910Z","clientPath":"client","serverPath":"server/maplestory-server"}
