   Compiling maplestory-server v0.1.0 (/Users/muniao/Code/MapleStory/server)
warning: unused doc comment
   --> src/auth.rs:129:1
    |
129 | / /// Acceptance-test failure injector: while set, the persistence write
130 | | /// primitives refuse, so a caller sees the same "commit failed" path as a real
131 | | /// SQLite error — without touching schema, data, or the connection mutex.
132 | | ///
...   |
152 | | /// scoping it to the thread removes the cross-test interference structurally
153 | | /// instead of narrowing the race.
    | |_---------------------------------^
    |   |
    |   rustdoc does not generate documentation for macro invocations
    |
    = help: to document an item produced by a macro, the macro must produce the documentation as part of its expansion
    = note: `#[warn(unused_doc_comments)]` (part of `#[warn(unused)]`) on by default

warning: unused import: `super::elemental::*`
 --> src/world_tests.rs:7:5
  |
7 | use super::elemental::*;
  |     ^^^^^^^^^^^^^^^^^^^
  |
  = note: `#[warn(unused_imports)]` (part of `#[warn(unused)]`) on by default

warning: unused import: `super::skills::*`
  --> src/world_tests.rs:10:5
   |
10 | use super::skills::*;
   |     ^^^^^^^^^^^^^^^^

warning: unused import: `super::*`
  --> src/away_acceptance.rs:12:5
   |
12 | use super::*;
   |     ^^^^^^^^

warning: unused import: `super::*`
 --> src/reactor_acceptance.rs:9:5
  |
9 | use super::*;
  |     ^^^^^^^^

warning: unused import: `super::*`
  --> src/shop_buy_acceptance.rs:20:5
   |
20 | use super::*;
   |     ^^^^^^^^

warning: unused import: `super::*`
  --> src/shop_sell_acceptance.rs:10:5
   |
10 | use super::*;
   |     ^^^^^^^^

warning: unused import: `super::*`
  --> src/shop_rebuy_acceptance.rs:11:5
   |
11 | use super::*;
   |     ^^^^^^^^

warning: unused import: `super::*`
  --> src/consume_acceptance.rs:11:5
   |
11 | use super::*;
   |     ^^^^^^^^

warning: unused import: `super::*`
  --> src/scroll_acceptance.rs:19:5
   |
19 | use super::*;
   |     ^^^^^^^^

warning: unused import: `super::*`
  --> src/storage_acceptance.rs:15:5
   |
15 | use super::*;
   |     ^^^^^^^^

warning: unused import: `super::*`
  --> src/party_acceptance.rs:17:5
   |
17 | use super::*;
   |     ^^^^^^^^

warning: unused import: `super::*`
  --> src/friend_acceptance.rs:19:5
   |
19 | use super::*;
   |     ^^^^^^^^

warning: unused import: `super::*`
  --> src/monster_status_acceptance.rs:36:5
   |
36 | use super::*;
   |     ^^^^^^^^

warning: unused import: `super::*`
  --> src/slot_expand_acceptance.rs:10:5
   |
10 | use super::*;
   |     ^^^^^^^^

warning: unused import: `super::*`
  --> src/mob_move_acceptance.rs:26:5
   |
26 | use super::*;
   |     ^^^^^^^^

warning: unused import: `super::*`
  --> src/cashshop_acceptance.rs:14:5
   |
14 | use super::*;
   |     ^^^^^^^^

warning: unused import: `super::*`
 --> src/ship_acceptance.rs:7:5
  |
7 | use super::*;
  |     ^^^^^^^^

warning: unused import: `super::*`
 --> src/ellinel_acceptance.rs:7:5
  |
7 | use super::*;
  |     ^^^^^^^^

warning: unused import: `super::*`
 --> src/helios_acceptance.rs:9:5
  |
9 | use super::*;
  |     ^^^^^^^^

warning: unused import: `super::*`
  --> src/ufo_acceptance.rs:10:5
   |
10 | use super::*;
   |     ^^^^^^^^

warning: unused import: `super::*`
  --> src/edelstein_acceptance.rs:15:5
   |
15 | use super::*;
   |     ^^^^^^^^

warning: unused import: `super::*`
  --> src/inventory_persistence_acceptance.rs:15:5
   |
15 | use super::*;
   |     ^^^^^^^^

warning: variable does not need to be mutable
    --> src/auth.rs:4327:17
     |
4327 |             let mut db = store.db.lock().unwrap();
     |                 ----^^
     |                 |
     |                 help: remove this `mut`
     |
     = note: `#[warn(unused_mut)]` (part of `#[warn(unused)]`) on by default

warning: variable does not need to be mutable
   --> src/away_acceptance.rs:145:9
    |
145 |     let mut rx = join(&mut world, "a", "c1");
    |         ----^^
    |         |
    |         help: remove this `mut`

warning: unused variable: `rx`
   --> src/away_acceptance.rs:145:9
    |
145 |     let mut rx = join(&mut world, "a", "c1");
    |         ^^^^^^ help: if this is intentional, prefix it with an underscore: `_rx`
    |
    = note: `#[warn(unused_variables)]` (part of `#[warn(unused)]`) on by default

warning: variable does not need to be mutable
   --> src/away_acceptance.rs:168:9
    |
168 |     let mut rx1 = join(&mut world, "a", "c1");
    |         ----^^^
    |         |
    |         help: remove this `mut`

warning: unused variable: `rx1`
   --> src/away_acceptance.rs:168:9
    |
168 |     let mut rx1 = join(&mut world, "a", "c1");
    |         ^^^^^^^ help: if this is intentional, prefix it with an underscore: `_rx1`

warning: variable does not need to be mutable
   --> src/away_acceptance.rs:191:9
    |
191 |     let mut rx2 = join(&mut world, "a", "c1");
    |         ----^^^
    |         |
    |         help: remove this `mut`

warning: unused variable: `rx2`
   --> src/away_acceptance.rs:191:9
    |
191 |     let mut rx2 = join(&mut world, "a", "c1");
    |         ^^^^^^^ help: if this is intentional, prefix it with an underscore: `_rx2`

warning: variable does not need to be mutable
   --> src/away_acceptance.rs:215:9
    |
215 |     let mut rx3 = join(&mut world, "a", "c1");
    |         ----^^^
    |         |
    |         help: remove this `mut`

warning: variable does not need to be mutable
   --> src/away_acceptance.rs:217:9
    |
217 |     let mut rx4 = join(&mut world, "a", "c2");
    |         ----^^^
    |         |
    |         help: remove this `mut`

warning: unused variable: `rx3`
   --> src/away_acceptance.rs:215:9
    |
215 |     let mut rx3 = join(&mut world, "a", "c1");
    |         ^^^^^^^ help: if this is intentional, prefix it with an underscore: `_rx3`

warning: unused variable: `rx4`
   --> src/away_acceptance.rs:217:9
    |
217 |     let mut rx4 = join(&mut world, "a", "c2");
    |         ^^^^^^^ help: if this is intentional, prefix it with an underscore: `_rx4`

warning: variable does not need to be mutable
   --> src/away_acceptance.rs:235:9
    |
235 |     let mut rx5 = join(&mut world, "a", "c1");
    |         ----^^^
    |         |
    |         help: remove this `mut`

warning: unused variable: `rx5`
   --> src/away_acceptance.rs:235:9
    |
235 |     let mut rx5 = join(&mut world, "a", "c1");
    |         ^^^^^^^ help: if this is intentional, prefix it with an underscore: `_rx5`

warning: variable does not need to be mutable
   --> src/away_acceptance.rs:274:9
    |
274 |     let mut rx6 = join(&mut world, "a", "c1");
    |         ----^^^
    |         |
    |         help: remove this `mut`

warning: unused variable: `rx6`
   --> src/away_acceptance.rs:274:9
    |
274 |     let mut rx6 = join(&mut world, "a", "c1");
    |         ^^^^^^^ help: if this is intentional, prefix it with an underscore: `_rx6`

warning: variable does not need to be mutable
   --> src/away_acceptance.rs:307:9
    |
307 |     let mut rx7 = join(&mut world, "a", "c1");
    |         ----^^^
    |         |
    |         help: remove this `mut`

warning: unused variable: `rx7`
   --> src/away_acceptance.rs:307:9
    |
307 |     let mut rx7 = join(&mut world, "a", "c1");
    |         ^^^^^^^ help: if this is intentional, prefix it with an underscore: `_rx7`

warning: variable does not need to be mutable
   --> src/away_acceptance.rs:341:9
    |
341 |     let mut rx8 = join(&mut world, "a", "c1");
    |         ----^^^
    |         |
    |         help: remove this `mut`

warning: variable does not need to be mutable
   --> src/away_acceptance.rs:357:9
    |
357 |     let mut rx9 = join(&mut world, "a", "c2");
    |         ----^^^
    |         |
    |         help: remove this `mut`

warning: unused variable: `rx8`
   --> src/away_acceptance.rs:341:9
    |
341 |     let mut rx8 = join(&mut world, "a", "c1");
    |         ^^^^^^^ help: if this is intentional, prefix it with an underscore: `_rx8`

warning: unused variable: `rx9`
   --> src/away_acceptance.rs:357:9
    |
357 |     let mut rx9 = join(&mut world, "a", "c2");
    |         ^^^^^^^ help: if this is intentional, prefix it with an underscore: `_rx9`

warning: variable does not need to be mutable
   --> src/away_acceptance.rs:370:9
    |
370 |     let mut rx10 = join(&mut world, "a", "c1");
    |         ----^^^^
    |         |
    |         help: remove this `mut`

warning: unused variable: `rx10`
   --> src/away_acceptance.rs:370:9
    |
370 |     let mut rx10 = join(&mut world, "a", "c1");
    |         ^^^^^^^^ help: if this is intentional, prefix it with an underscore: `_rx10`

warning: variable does not need to be mutable
   --> src/away_acceptance.rs:445:9
    |
445 |     let mut rx11 = join(&mut world, "a", "c1");
    |         ----^^^^
    |         |
    |         help: remove this `mut`

warning: unused variable: `rx11`
   --> src/away_acceptance.rs:445:9
    |
445 |     let mut rx11 = join(&mut world, "a", "c1");
    |         ^^^^^^^^ help: if this is intentional, prefix it with an underscore: `_rx11`

warning: variable does not need to be mutable
   --> src/storage_acceptance.rs:584:21
    |
584 |     let (mut world, mut output) = storage_world();
    |                     ----^^^^^^
    |                     |
    |                     help: remove this `mut`

warning: variable does not need to be mutable
   --> src/holy_water_acceptance.rs:437:24
    |
437 |     let (mut now_hits, mut now_charges) = (
    |                        ----^^^^^^^^^^^
    |                        |
    |                        help: remove this `mut`

warning: type `world::Player` is more private than the item `world::transform_done`
    --> src/world.rs:715:1
     |
 715 | pub(super) fn transform_done(player: &Player) -> bool {
     | ^^^^^^^^^^^^^^^^^^^^^^^^^^^^^^^^^^^^^^^^^^^^^^^^^^^^^ function `world::transform_done` is reachable at visibility `pub(crate)`
     |
note: but type `world::Player` is only usable at visibility `pub(self)`
    --> src/world.rs:2390:1
     |
2390 | struct Player {
     | ^^^^^^^^^^^^^
     = note: `#[warn(private_interfaces)]` on by default

warning: type `world::Player` is more private than the item `world::transform_grants`
    --> src/world.rs:726:1
     |
 726 | pub(super) fn transform_grants(player: &Player, skill_id: u32) -> bool {
     | ^^^^^^^^^^^^^^^^^^^^^^^^^^^^^^^^^^^^^^^^^^^^^^^^^^^^^^^^^^^^^^^^^^^^^^ function `world::transform_grants` is reachable at visibility `pub(crate)`
     |
note: but type `world::Player` is only usable at visibility `pub(self)`
    --> src/world.rs:2390:1
     |
2390 | struct Player {
     | ^^^^^^^^^^^^^

warning: type `world::Player` is more private than the item `world::set_toggle_field`
    --> src/world.rs:830:1
     |
 830 | pub(super) fn set_toggle_field(player: &mut Player, skill_id: u32, on: bool, now: u64) {
     | ^^^^^^^^^^^^^^^^^^^^^^^^^^^^^^^^^^^^^^^^^^^^^^^^^^^^^^^^^^^^^^^^^^^^^^^^^^^^^^^^^^^^^^ function `world::set_toggle_field` is reachable at visibility `pub(crate)`
     |
note: but type `world::Player` is only usable at visibility `pub(self)`
    --> src/world.rs:2390:1
     |
2390 | struct Player {
     | ^^^^^^^^^^^^^

warning: type `world::Player` is more private than the item `world::toggle_field_enabled`
    --> src/world.rs:845:1
     |
 845 | pub(super) fn toggle_field_enabled(player: &Player, skill_id: u32) -> bool {
     | ^^^^^^^^^^^^^^^^^^^^^^^^^^^^^^^^^^^^^^^^^^^^^^^^^^^^^^^^^^^^^^^^^^^^^^^^^^ function `world::toggle_field_enabled` is reachable at visibility `pub(crate)`
     |
note: but type `world::Player` is only usable at visibility `pub(self)`
    --> src/world.rs:2390:1
     |
2390 | struct Player {
     | ^^^^^^^^^^^^^

warning: method `save_quest_kill` is never used
  --> src/auth/quests.rs:67:12
   |
 9 | impl Store {
   | ---------- method in this implementation
...
67 |     pub fn save_quest_kill(
   |            ^^^^^^^^^^^^^^^
   |
   = note: `#[warn(dead_code)]` (part of `#[warn(unused)]`) on by default

warning: field `item_id` is never read
   --> src/auth/notebook.rs:128:5
    |
127 | struct CatalogEntry {
    |        ------------ field in this struct
128 |     item_id: String,
    |     ^^^^^^^
    |
    = note: `CatalogEntry` has a derived impl for the trait `Debug`, but this is intentionally ignored during dead code analysis

warning: field `inventory_type` is never read
   --> src/inventory.rs:125:5
    |
124 | struct MountItemDefinition {
    |        ------------------- field in this struct
125 |     inventory_type: u8,
    |     ^^^^^^^^^^^^^^
    |
    = note: `MountItemDefinition` has derived impls for the traits `Debug` and `Clone`, but these are intentionally ignored during dead code analysis

warning: field `inventory_type` is never read
   --> src/inventory.rs:159:5
    |
158 | struct ChairItemDefinition {
    |        ------------------- field in this struct
159 |     inventory_type: u8,
    |     ^^^^^^^^^^^^^^
    |
    = note: `ChairItemDefinition` has derived impls for the traits `Debug` and `Clone`, but these are intentionally ignored during dead code analysis

warning: field `book_id` is never read
  --> src/mage.rs:14:9
   |
10 | pub struct MageSkills {
   |            ---------- field in this struct
...
14 |     pub book_id: u32,
   |         ^^^^^^^
   |
   = note: `MageSkills` has a derived impl for the trait `Clone`, but this is intentionally ignored during dead code analysis

warning: function `is_fourth_job_book` is never used
   --> src/mage.rs:271:8
    |
271 | pub fn is_fourth_job_book(book: u32) -> bool {
    |        ^^^^^^^^^^^^^^^^^^

warning: method `all` is never used
   --> src/party_acceptance.rs:213:8
    |
145 | impl PartyRig {
    | ------------- method in this implementation
...
213 |     fn all(&mut self, id: &str, kind: &str) -> Vec<serde_json::Value> {
    |        ^^^

warning: `maplestory-server` (bin "maplestory-server" test) generated 61 warnings (run `cargo fix --bin "maplestory-server" -p maplestory-server --tests` to apply 49 suggestions)
    Finished `test` profile [unoptimized + debuginfo] target(s) in 6.04s
     Running unittests src/main.rs (server/target/debug/deps/maplestory_server-165e7f8b57ed9d6d)

running 1 test
test world::henesys::tests::solid_ledge_blocks_sides_and_head_but_allows_jump_over_top ... ok

test result: ok. 1 passed; 0 failed; 0 ignored; 0 measured; 698 filtered out; finished in 0.00s

